$ git config --global user.name "Lennart Braun"
$ git config --global user.email "3braun@informatik.uni-hamburg.de"

$ git help
usage: git [--version] [--help] [-C <path>] [-c name=value]
           [--exec-path[=<path>]] [--html-path] [--man-path] [--info-path]
           [-p|--paginate|--no-pager] [--no-replace-objects] [--bare]
           [--git-dir=<path>] [--work-tree=<path>] [--namespace=<name>]
           <command> [<args>]

The most commonly used git commands are:
   add        Add file contents to the index
   bisect     Find by binary search the change that introduced a bug
   branch     List, create, or delete branches
   checkout   Checkout a branch or paths to the working tree
   clone      Clone a repository into a new directory
   commit     Record changes to the repository
   diff       Show changes between commits, commit and working tree, etc
   fetch      Download objects and refs from another repository
   grep       Print lines matching a pattern
   init       Create an empty Git repository or reinitialize an existing one
   log        Show commit logs
   merge      Join two or more development histories together
   mv         Move or rename a file, a directory, or a symlink
   pull       Fetch from and integrate with another repository or a local branch
   push       Update remote refs along with associated objects
   rebase     Forward-port local commits to the updated upstream head
   reset      Reset current HEAD to the specified state
   rm         Remove files from the working tree and from the index
   show       Show various types of objects
   status     Show the working tree status
   tag        Create, list, delete or verify a tag object signed with GPG

'git help -a' and 'git help -g' lists available subcommands and some
concept guides. See 'git help <command>' or 'git help <concept>'
to read about a specific subcommand or concept.

$ mkdir gitfoo
$ cd gitfoo
$ git init
Initialized empty Git repository in /home/braun/gitfoo/.git/

$ touch file
$ git add file

$ git commit -m blubb
[master (root-commit) c7ee353] blubb
 1 file changed, 0 insertions(+), 0 deletions(-)
 create mode 100644 file

$ echo foo > file
$ git add file
$ git commit -m bar
[master 8dc9743] bar
 1 file changed, 1 insertion(+)

$ git log
commit 8dc97432ac90b1a454e8edc74669e13d3e5b8a01
Author: Lennart Braun <3braun@informatik.uni-hamburg.de>
Date:   Thu Apr 9 22:45:46 2015 +0200

    bar

commit c7ee3534083aad1be5a49774b689902c6c622d98
Author: Lennart Braun <3braun@informatik.uni-hamburg.de>
Date:   Thu Apr 9 22:44:36 2015 +0200

    blubb
# Hashes: 8dc97432ac90b1a454e8edc74669e13d3e5b8a01 und c7ee3534083aad1be5a49774b689902c6c622d98
